[M::mm_idx_gen::0.013*2.08] collected minimizers
[M::mm_idx_gen::0.020*2.70] sorted minimizers
[M::main::0.020*2.70] loaded/built the index for 22 target sequence(s)
[M::mm_mapopt_update::0.021*2.60] mid_occ = 3
[M::mm_idx_stat] kmer size: 15; skip: 10; is_hpc: 0; #seq: 22
[M::mm_idx_stat::0.022*2.54] distinct minimizers: 51414 (99.64% are singletons); average occurrences: 1.005; average spacing: 5.342; total length: 276055
[samfaipath] build FASTA index...
[M::worker_pipeline::0.131*2.62] mapped 426 sequences
[M::main] Version: 2.18-r1015
[M::main] CMD: flye-minimap2 -x map-ont -t 4 -a -p 0.5 -N 10 --sam-hit-only -L -K 1G -z 1000 -Q --secondary-seq -I 64G /scicomp/home-pure/suj7/Dev-micropipe4/.nf-test/tests/57acc7c152db4047446d0c8db6dca820/work/3b/edb8bcd0f6622804d1904fdca5ce38/00-assembly/draft_assembly.fasta /scicomp/home-pure/suj7/Dev-micropipe4/.nf-test/tests/57acc7c152db4047446d0c8db6dca820/work/3b/edb8bcd0f6622804d1904fdca5ce38/filtered.fastq.gz
[M::main] Real time: 0.135 sec; CPU: 0.347 sec; Peak RSS: 0.031 GB
