{
    "Should run without failures": {
        "content": [
            {
                "assembly_out": [
                    
                ]
            }
        ],
        "timestamp": "2022-11-28T02:06:14+0000"
    }
}