[GXB01322_20181217_FAK35493_GA10000, 1m]
[/scicomp/home-pure/suj7/data/fast5_tiny, 'GXB01322_20181217_FAK35493_GA10000']
[GXB01322_20181217_FAK35493_GA10000, /scicomp/home-pure/suj7/Dev-micropipe4/.nf-test/tests/57acc7c152db4047446d0c8db6dca820/work/f2/c9d71a2adbc45df05eac3bcbcd9f45/GXB01322_20181217_FAK35493_GA10000.fastq.gz]
['GXB01322_20181217_FAK35493_GA10000', /scicomp/home-pure/suj7/Dev-micropipe4/.nf-test/tests/57acc7c152db4047446d0c8db6dca820/work/f2/c9d71a2adbc45df05eac3bcbcd9f45/GXB01322_20181217_FAK35493_GA10000.fastq.gz, 'GXB01322_20181217_FAK35493_GA10000', '1m']
