[samfaipath] build FASTA index...
[M::mm_idx_gen::0.004*1.26] collected minimizers
[M::mm_idx_gen::0.006*1.95] sorted minimizers
[M::main::0.006*1.94] loaded/built the index for 2 target sequence(s)
[M::mm_mapopt_update::0.006*1.89] mid_occ = 3
[M::mm_idx_stat] kmer size: 15; skip: 10; is_hpc: 0; #seq: 2
[M::mm_idx_stat::0.006*1.86] distinct minimizers: 6452 (99.97% are singletons); average occurrences: 1.000; average spacing: 5.308; total length: 34259
[M::worker_pipeline::0.014*1.78] mapped 2 sequences
[M::main] Version: 2.18-r1015
[M::main] CMD: flye-minimap2 -x map-ont -t 4 -a -p 0.5 -N 10 --sam-hit-only -L -K 1G -z 1000 -Q --secondary-seq -I 64G /scicomp/home-pure/suj7/Dev-micropipe4/.nf-test/tests/57acc7c152db4047446d0c8db6dca820/work/3b/edb8bcd0f6622804d1904fdca5ce38/40-polishing/filtered_contigs.fasta /scicomp/home-pure/suj7/Dev-micropipe4/.nf-test/tests/57acc7c152db4047446d0c8db6dca820/work/3b/edb8bcd0f6622804d1904fdca5ce38/30-contigger/graph_final.fasta
[M::main] Real time: 0.016 sec; CPU: 0.026 sec; Peak RSS: 0.013 GB
