Unknown method invocation `path`

 -- Check script '.nf-test/tests/57acc7c152db4047446d0c8db6dca820/meta/mock.nf' at line: 14 or see '/scicomp/home-pure/suj7/Dev-micropipe4/modules/local/.nf-test/tests/57acc7c152db4047446d0c8db6dca820/meta/nextflow.log' file for more details
